// Jest Snapshot v1, https://goo.gl/fbAQLP

exports[`ChatListScreen renders the chat list screen correctly 1`] = `
<View
  style={
    {
      "backgroundColor": "white",
      "flex": 1,
      "paddingHorizontal": 20,
      "paddingTop": 20,
    }
  }
>
  <View
    style={
      {
        "alignItems": "center",
        "flexDirection": "row",
        "padding": 10,
      }
    }
  >
    <View
      accessibilityState={
        {
          "busy": undefined,
          "checked": undefined,
          "disabled": undefined,
          "expanded": undefined,
          "selected": undefined,
        }
      }
      accessibilityValue={
        {
          "max": undefined,
          "min": undefined,
          "now": undefined,
          "text": undefined,
        }
      }
      accessible={true}
      collapsable={false}
      focusable={true}
      onClick={[Function]}
      onResponderGrant={[Function]}
      onResponderMove={[Function]}
      onResponderRelease={[Function]}
      onResponderTerminate={[Function]}
      onResponderTerminationRequest={[Function]}
      onStartShouldSetResponder={[Function]}
      style={
        {
          "opacity": 1,
        }
      }
      testID="back-button"
    >
      <Text />
    </View>
    <Text
      style={
        {
          "flex": 1,
          "fontSize": 24,
          "fontWeight": "bold",
          "textAlign": "center",
        }
      }
    >
      Chats
    </Text>
  </View>
  <View
    style={
      {
        "alignItems": "center",
        "borderColor": "#CCCCCC",
        "borderRadius": 20,
        "borderWidth": 1,
        "flexDirection": "row",
        "marginBottom": 20,
        "marginTop": 10,
        "paddingHorizontal": 16,
      }
    }
  >
    <TextInput
      onChangeText={[Function]}
      placeholder="Search for a user..."
      style={
        {
          "flex": 1,
          "height": 40,
          "paddingVertical": 0,
        }
      }
      value=""
    />
    <View
      accessibilityState={
        {
          "busy": undefined,
          "checked": undefined,
          "disabled": undefined,
          "expanded": undefined,
          "selected": undefined,
        }
      }
      accessibilityValue={
        {
          "max": undefined,
          "min": undefined,
          "now": undefined,
          "text": undefined,
        }
      }
      accessible={true}
      collapsable={false}
      focusable={true}
      onClick={[Function]}
      onResponderGrant={[Function]}
      onResponderMove={[Function]}
      onResponderRelease={[Function]}
      onResponderTerminate={[Function]}
      onResponderTerminationRequest={[Function]}
      onStartShouldSetResponder={[Function]}
      style={
        {
          "opacity": 1,
          "padding": 10,
        }
      }
    >
      <Text />
    </View>
  </View>
  <RCTScrollView
    data={[]}
    getItem={[Function]}
    getItemCount={[Function]}
    keyExtractor={[Function]}
    onContentSizeChange={[Function]}
    onLayout={[Function]}
    onMomentumScrollBegin={[Function]}
    onMomentumScrollEnd={[Function]}
    onScroll={[Function]}
    onScrollBeginDrag={[Function]}
    onScrollEndDrag={[Function]}
    removeClippedSubviews={false}
    renderItem={[Function]}
    scrollEventThrottle={0.0001}
    stickyHeaderIndices={[]}
    viewabilityConfigCallbackPairs={[]}
  >
    <View />
  </RCTScrollView>
  <View
    accessibilityState={
      {
        "busy": undefined,
        "checked": undefined,
        "disabled": undefined,
        "expanded": undefined,
        "selected": undefined,
      }
    }
    accessibilityValue={
      {
        "max": undefined,
        "min": undefined,
        "now": undefined,
        "text": undefined,
      }
    }
    accessible={true}
    collapsable={false}
    focusable={true}
    onClick={[Function]}
    onResponderGrant={[Function]}
    onResponderMove={[Function]}
    onResponderRelease={[Function]}
    onResponderTerminate={[Function]}
    onResponderTerminationRequest={[Function]}
    onStartShouldSetResponder={[Function]}
    style={
      {
        "alignItems": "center",
        "backgroundColor": "#08BDBD",
        "borderRadius": 30,
        "bottom": 20,
        "height": 60,
        "justifyContent": "center",
        "opacity": 1,
        "position": "absolute",
        "right": 20,
        "width": 60,
      }
    }
  >
    <Text />
  </View>
</View>
`;
